Command-line: "/tmp_home/simpoint -maxK 27 -dim 100 -fixedLength off -numInitSeeds 10 -loadFVFile /home/nvilva/simpoint_flow/gapbc_webstanford_v2/bc_webstanford/fingerprint/bbfp.41 -saveSimpoints /home/nvilva/simpoint_flow/gapbc_webstanford_v2/bc_webstanford/simpoints/opt.p -saveSimpointWeights /home/nvilva/simpoint_flow/gapbc_webstanford_v2/bc_webstanford/simpoints/opt.w -saveVectorWeights /home/nvilva/simpoint_flow/gapbc_webstanford_v2/bc_webstanford/simpoints/vector.w -saveLabels /home/nvilva/simpoint_flow/gapbc_webstanford_v2/bc_webstanford/simpoints/opt.l -coveragePct .99"
Using these options (*** indicates user-specified option):
*** -loadFVFile : /home/nvilva/simpoint_flow/gapbc_webstanford_v2/bc_webstanford/fingerprint/bbfp.41
    -k : search
    -iters : 100
*** -dim : 100
*** -maxK : 27
*** -numInitSeeds : 10
*** -coveragePct : 0.99
    -bicThreshold : 0.9
    -saveAll : false
    -initkm : samp
*** -saveLabels : /home/nvilva/simpoint_flow/gapbc_webstanford_v2/bc_webstanford/simpoints/opt.l
*** -saveSimpoints : /home/nvilva/simpoint_flow/gapbc_webstanford_v2/bc_webstanford/simpoints/opt.p
*** -saveSimpointWeights : /home/nvilva/simpoint_flow/gapbc_webstanford_v2/bc_webstanford/simpoints/opt.w
*** -saveVectorWeights : /home/nvilva/simpoint_flow/gapbc_webstanford_v2/bc_webstanford/simpoints/vector.w
    -saveInitCtrs : 
    -saveFinalCtrs : 
    -saveVectorsTxtFmt : 
    -saveVectorsBinFmt : 
    -saveProjMatrixTxtFmt : 
    -saveProjMatrixBinFmt : 
    -loadVectorsTxtFmt : 
    -loadVectorsBinFmt : 
    -loadProjMatrixTxtFmt : 
    -loadProjMatrixBinFmt : 
    -loadInitCtrs : 
    -loadInitLabels : 
    -loadVectorWeights : 
    -inputVectorsGzipped : false
*** -fixedLength : off
    -numFVs : -1
    -FVDim : -1
    -sampleSize : -1
    -seedkm : 493575226
    -seedproj : 2042712918
    -seedsample : 385089224
    -verbose : 0
-------------------------------------------------------------
  Loading data from frequency vector file '/home/nvilva/simpoint_flow/gapbc_webstanford_v2/bc_webstanford/fingerprint/bbfp.41' (size: 775x5497)
  Created random projection matrix (size: 5497x100)
  Loaded and projected frequency vector file
  Saving weights of each input vector to file '/home/nvilva/simpoint_flow/gapbc_webstanford_v2/bc_webstanford/simpoints/vector.w'
  Searching for best clustering for k <= 27

--------------------------------------------------------------
Run number 1 of at most 7, k = 1
--------------------------------------------------------------
  --------------------------------------------------------------
  Initialization seed trial #1 of 10; initialization seed = 493575226
  --------------------------------------------------------------
  Initialized k-means centers using random sampling: 1 centers
  Number of k-means iterations performed: 1
  BIC score: 13505.7
  Distortion: 3174.64
  Distortions/cluster: 3174.64 
  Variance: 4.10161
  Variances/cluster: 4.10161 
  --------------------------------------------------------------
  Initialization seed trial #2 of 10; initialization seed = 493575227
  --------------------------------------------------------------
  Initialized k-means centers using random sampling: 1 centers
  Number of k-means iterations performed: 1
  BIC score: 13505.7
  Distortion: 3174.64
  Distortions/cluster: 3174.64 
  Variance: 4.10161
  Variances/cluster: 4.10161 
  --------------------------------------------------------------
  Initialization seed trial #3 of 10; initialization seed = 493575228
  --------------------------------------------------------------
  Initialized k-means centers using random sampling: 1 centers
  Number of k-means iterations performed: 1
  BIC score: 13505.7
  Distortion: 3174.64
  Distortions/cluster: 3174.64 
  Variance: 4.10161
  Variances/cluster: 4.10161 
  --------------------------------------------------------------
  Initialization seed trial #4 of 10; initialization seed = 493575229
  --------------------------------------------------------------
  Initialized k-means centers using random sampling: 1 centers
  Number of k-means iterations performed: 1
  BIC score: 13505.7
  Distortion: 3174.64
  Distortions/cluster: 3174.64 
  Variance: 4.10161
  Variances/cluster: 4.10161 
  --------------------------------------------------------------
  Initialization seed trial #5 of 10; initialization seed = 493575230
  --------------------------------------------------------------
  Initialized k-means centers using random sampling: 1 centers
  Number of k-means iterations performed: 1
  BIC score: 13505.7
  Distortion: 3174.64
  Distortions/cluster: 3174.64 
  Variance: 4.10161
  Variances/cluster: 4.10161 
  --------------------------------------------------------------
  Initialization seed trial #6 of 10; initialization seed = 493575231
  --------------------------------------------------------------
  Initialized k-means centers using random sampling: 1 centers
  Number of k-means iterations performed: 1
  BIC score: 13505.7
  Distortion: 3174.64
  Distortions/cluster: 3174.64 
  Variance: 4.10161
  Variances/cluster: 4.10161 
  --------------------------------------------------------------
  Initialization seed trial #7 of 10; initialization seed = 493575232
  --------------------------------------------------------------
  Initialized k-means centers using random sampling: 1 centers
  Number of k-means iterations performed: 1
  BIC score: 13505.7
  Distortion: 3174.64
  Distortions/cluster: 3174.64 
  Variance: 4.10161
  Variances/cluster: 4.10161 
  --------------------------------------------------------------
  Initialization seed trial #8 of 10; initialization seed = 493575233
  --------------------------------------------------------------
  Initialized k-means centers using random sampling: 1 centers
  Number of k-means iterations performed: 1
  BIC score: 13505.7
  Distortion: 3174.64
  Distortions/cluster: 3174.64 
  Variance: 4.10161
  Variances/cluster: 4.10161 
  --------------------------------------------------------------
  Initialization seed trial #9 of 10; initialization seed = 493575234
  --------------------------------------------------------------
  Initialized k-means centers using random sampling: 1 centers
  Number of k-means iterations performed: 1
  BIC score: 13505.7
  Distortion: 3174.64
  Distortions/cluster: 3174.64 
  Variance: 4.10161
  Variances/cluster: 4.10161 
  --------------------------------------------------------------
  Initialization seed trial #10 of 10; initialization seed = 493575235
  --------------------------------------------------------------
  Initialized k-means centers using random sampling: 1 centers
  Number of k-means iterations performed: 1
  BIC score: 13505.7
  Distortion: 3174.64
  Distortions/cluster: 3174.64 
  Variance: 4.10161
  Variances/cluster: 4.10161 
  The best initialization seed trial was #1

--------------------------------------------------------------
Run number 2 of at most 7, k = 27
--------------------------------------------------------------
  --------------------------------------------------------------
  Initialization seed trial #1 of 10; initialization seed = 493575236
  --------------------------------------------------------------
  Initialized k-means centers using random sampling: 27 centers
  Number of k-means iterations performed: 28
  BIC score: 140581
  Distortion: 90.0188
  Distortions/cluster: 3.72624 1.56492e-06 1.40696e-32 2.30824 1.4349e-31 0.000312686 7.00379 3.06076 4.24651e-06 0.870271 2.06611 5.23508e-07 1.57819 4.36314 2.75707 2.609 2.9543e-33 41.878 8.50536e-07 10.6041 4.17809 1.05062 0.000240166 0.019137 1.93328 1.63397e-05 0.0121911 
  Variance: 0.120346
  Variances/cluster: 0.0827435 5.21247e-08 1.92408e-29 0.164745 1.9623e-28 3.12456e-06 0.52095 0.0784223 2.0206e-07 0.0222979 0.0338455 3.73642e-08 0.157693 0.124567 0.0655954 0.0427387 4.04014e-30 1.39488 9.44273e-08 0.58866 1.39134 0.262416 3.42839e-06 0.019109 0.0482958 8.1609e-06 0.000264826 
  --------------------------------------------------------------
  Initialization seed trial #2 of 10; initialization seed = 493575237
  --------------------------------------------------------------
  Initialized k-means centers using random sampling: 27 centers
  Number of k-means iterations performed: 25
  BIC score: 109091
  Distortion: 205.099
  Distortions/cluster: 0.621852 55.3592 0.485143 0.138148 0 0.262819 0.019137 11.6032 0.161346 0.328139 2.9543e-33 2.08811 0.572035 7.16115 0.019379 8.73325e-33 116.71 0.583483 0.197013 0.0691917 0.000380081 7.00379 0.177129 0.111469 0.377008 1.05062 1.4349e-31 
  Variance: 0.274197
  Variances/cluster: 0.207082 0.297412 0.0692482 0.00726533 0 0.0262608 0.019109 0.610226 0.00732829 0.029807 4.04014e-30 0.160498 0.0952578 7.15069 8.88291e-05 1.19432e-29 3.64443 0.0208229 0.013124 0.00384102 4.7475e-06 0.52095 0.0117994 0.00856781 0.0269081 0.262416 1.9623e-28 
  --------------------------------------------------------------
  Initialization seed trial #3 of 10; initialization seed = 493575238
  --------------------------------------------------------------
  Initialized k-means centers using random sampling: 27 centers
  Number of k-means iterations performed: 31
  BIC score: 147861
  Distortion: 74.635
  Distortions/cluster: 3.30694 3.40547 1.6609 0.76542 1.15761 2.9543e-33 29.7633 1.63397e-05 1.84553 2.18542 1.36789 1.4349e-31 2.20168 5.27629 2.06002 5.29964e-05 1.05062 1.73914 7.16115 1.02834 0.0121911 0.000312686 0.000240166 4.17809 0.019137 3.82121 0.628055 
  Variance: 0.0997794
  Variances/cluster: 0.0465421 0.340274 0.0553216 0.0478016 0.0246116 4.04014e-30 1.02555 8.1609e-06 0.141852 0.0909899 0.0402019 1.9623e-28 0.056411 0.405549 0.187125 6.87755e-07 0.262416 0.041377 7.15069 0.0411022 0.000264826 3.12456e-06 3.42839e-06 1.39134 0.019109 0.365943 0.0216407 
  --------------------------------------------------------------
  Initialization seed trial #4 of 10; initialization seed = 493575239
  --------------------------------------------------------------
  Initialized k-means centers using random sampling: 27 centers
  Number of k-means iterations performed: 26
  BIC score: 114754
  Distortion: 175.694
  Distortions/cluster: 3.70736 1.40696e-32 1.03356 5.63228 0.0011829 7.32392 1.05062 1.63397e-05 0.715515 5.29964e-05 5.29288 0.72064 1.4349e-31 2.30824 7.57859 8.73325e-33 0.000240166 3.4417 5.24862 0.00087857 0.000312686 1.99648 2.9543e-33 0 0.509683 0.019137 129.112 
  Variance: 0.234885
  Variances/cluster: 0.0521777 1.92408e-29 0.0215164 0.144309 0.00118118 0.522728 0.262416 8.1609e-06 0.0376297 6.87755e-07 0.462551 0.0378992 1.9623e-28 0.164745 0.540904 1.19432e-29 3.42839e-06 0.0625297 0.0904262 1.99526e-05 3.12456e-06 0.0906799 4.04014e-30 0 0.0159156 0.019109 3.90954 
  --------------------------------------------------------------
  Initialization seed trial #5 of 10; initialization seed = 493575240
  --------------------------------------------------------------
  Initialized k-means centers using random sampling: 27 centers
  Number of k-means iterations performed: 25
  BIC score: 117118
  Distortion: 164.984
  Distortions/cluster: 102.204 24.3452 1.12389 2.04435 0.498587 7.16115 0.408164 0.000240166 1.26887 1.31445 0.019137 1.19522 1.63397e-05 2.78053 3.2541 2.9543e-33 1.89512 0.738287 1.05062 4.06805 0.0121911 1.71016 5.27629 5.29964e-05 0.572035 0.000312686 2.04253 
  Variance: 0.220566
  Variances/cluster: 3.19147 24.3097 0.0330307 0.0434643 0.0184522 7.15069 0.0226583 3.42839e-06 0.026415 0.1194 0.019109 0.0542868 8.1609e-06 0.0427457 0.344665 4.04014e-30 0.0901747 0.0819652 0.262416 0.369528 0.000264826 0.0551249 0.405549 6.87755e-07 0.0952578 3.12456e-06 0.0497806 
  --------------------------------------------------------------
  Initialization seed trial #6 of 10; initialization seed = 493575241
  --------------------------------------------------------------
  Initialized k-means centers using random sampling: 27 centers
  Number of k-means iterations performed: 28
  BIC score: 155478
  Distortion: 61.3408
  Distortions/cluster: 8.69027e-05 2.00339 0.00087857 0.019137 3.24635 2.33567 4.17809 3.36134 1.49401 8.41508 4.68257 2.8117 10.6041 7.00379 3.72624 1.05062 0.0011829 1.60848 5.29964e-05 1.33768 6.99852e-05 1.40696e-32 1.63397e-05 3.46026 1.4349e-31 2.9543e-33 8.57626e-05 
  Variance: 0.0820065
  Variances/cluster: 1.7722e-06 0.0333651 1.99526e-05 0.019109 0.2317 0.0614189 1.39134 0.0466507 0.0382793 4.20293 0.173297 0.112382 0.58866 0.52095 0.0827435 0.262416 0.00118118 0.0401819 6.87755e-07 0.121511 2.33108e-06 1.92408e-29 8.1609e-06 0.0823256 1.9623e-28 4.04014e-30 9.52214e-07 
  --------------------------------------------------------------
  Initialization seed trial #7 of 10; initialization seed = 493575242
  --------------------------------------------------------------
  Initialized k-means centers using random sampling: 27 centers
  Number of k-means iterations performed: 26
  BIC score: 116356
  Distortion: 168.392
  Distortions/cluster: 0.586965 2.85543 1.63397e-05 1.05062 3.73189 6.16294 1.33926e-05 0.000240166 0.538717 3.82121 6.43176 0.019137 0.0011829 6.97105 1.84585 0.000312686 116.71 1.32235 0.498587 6.63148e-06 1.4349e-31 0.00087857 5.27629 3.40547 7.16115 8.73325e-33 2.9543e-33 
  Variance: 0.225123
  Variances/cluster: 0.0255008 0.079258 8.1609e-06 0.262416 0.0517934 0.0933086 2.84736e-07 3.42839e-06 0.0768953 0.365943 0.146067 0.019109 0.00118118 0.348285 0.047294 3.12456e-06 3.64443 0.0269665 0.0184522 2.28499e-07 1.9623e-28 1.99526e-05 0.405549 0.340274 7.15069 1.19432e-29 4.04014e-30 
  --------------------------------------------------------------
  Initialization seed trial #8 of 10; initialization seed = 493575243
  --------------------------------------------------------------
  Initialized k-means centers using random sampling: 27 centers
  Number of k-means iterations performed: 21
  BIC score: 153376
  Distortion: 64.8216
  Distortions/cluster: 2.82673e-06 8.73325e-33 1.05062 1.57763 7.93914 1.84553 4.87033 4.35677 0.000312686 0.019137 7.16115 1.11723 4.17809 10.6041 4.64991 2.37237 5.46855 1.63397e-05 0.0121911 2.9543e-33 4.55914 0.000240166 1.1813e-06 0.979155 5.30252e-06 2.06002 1.4349e-31 
  Variance: 0.0866599
  Variances/cluster: 7.2426e-08 1.19432e-29 0.262416 0.047771 0.549612 0.141852 0.0839087 0.0588317 3.12456e-06 0.019109 7.15069 0.0507444 1.39134 0.58866 4.64312 0.0388623 0.0910748 8.1609e-06 0.000264826 4.04014e-30 0.0843656 3.42839e-06 1.07305e-07 0.0376312 2.11939e-07 0.187125 1.9623e-28 
  --------------------------------------------------------------
  Initialization seed trial #9 of 10; initialization seed = 493575244
  --------------------------------------------------------------
  Initialized k-means centers using random sampling: 27 centers
  Number of k-means iterations performed: 28
  BIC score: 117895
  Distortion: 161.788
  Distortions/cluster: 1.72032 5.29964e-05 5.27629 0.000312686 2.15906 1.63397e-05 2.9543e-33 2.82725 7.16115 0.792294 0.00087857 0.000240166 3.40547 0.0011829 1.05062 2.74416 3.82121 0.274606 1.84553 0.685355 1.98758 0.019137 120.602 2.06002 1.4349e-31 2.51615 0.836485 
  Variance: 0.216293
  Variances/cluster: 0.0419275 6.87755e-07 0.405549 3.12456e-06 0.0553189 8.1609e-06 4.04014e-30 0.0941706 7.15069 0.0376994 1.99526e-05 3.42839e-06 0.340274 0.00118118 0.262416 0.0415473 0.365943 0.0130665 0.141852 0.0380459 0.0331017 0.019109 3.65186 0.187125 1.9623e-28 0.0571425 0.0491669 
  --------------------------------------------------------------
  Initialization seed trial #10 of 10; initialization seed = 493575245
  --------------------------------------------------------------
  Initialized k-means centers using random sampling: 27 centers
  Number of k-means iterations performed: 18
  BIC score: 125814
  Distortion: 132.5
  Distortions/cluster: 1.05062 2.9543e-33 4.06805 0.019137 5.27629 0.572035 0.703367 1.0782 1.40696e-32 1.37642 3.2541 1.84585 0.991579 8.73325e-33 3.6056 98.352 0.992449 2.85543 1.07003 0.924842 1.56042 1.4349e-31 0.546467 0.485143 0.000380081 0.019379 1.85175 
  Variance: 0.177138
  Variances/cluster: 0.262416 4.04014e-30 0.369528 0.019109 0.405549 0.0952578 0.0242357 0.0326481 1.92408e-29 0.0275079 0.344665 0.047294 0.0198168 1.19432e-29 3.60033 3.17025 0.0268028 0.079258 0.0534603 0.0355439 0.129932 1.9623e-28 0.0303359 0.0692482 4.7475e-06 8.88291e-05 0.115645 
  The best initialization seed trial was #6

--------------------------------------------------------------
Run number 3 of at most 7, k = 14
--------------------------------------------------------------
  --------------------------------------------------------------
  Initialization seed trial #1 of 10; initialization seed = 493575246
  --------------------------------------------------------------
  Initialized k-means centers using random sampling: 14 centers
  Number of k-means iterations performed: 26
  BIC score: 136231
  Distortion: 114.804
  Distortions/cluster: 1.40696e-32 2.43987 3.22097 8.81338 31.2524 6.4783 4.17809 8.34218 1.70512 3.6056 11.6363 14.4461 9.98526 8.70004 
  Variance: 0.150859
  Variances/cluster: 1.92408e-29 0.0375085 0.0105528 4.40186 0.867472 0.15413 1.39134 0.0771854 0.0460498 3.60033 0.415266 0.49043 0.203629 0.158065 
  --------------------------------------------------------------
  Initialization seed trial #2 of 10; initialization seed = 493575247
  --------------------------------------------------------------
  Initialized k-means centers using random sampling: 14 centers
  Number of k-means iterations performed: 12
  BIC score: 115923
  Distortion: 193.233
  Distortions/cluster: 12.7272 9.29612 0.000380081 120.602 3.73189 6.16294 7.16115 0.55479 10.6041 7.93914 6.43176 1.4349e-31 1.05062 6.97105 
  Variance: 0.25392
  Variances/cluster: 0.117758 0.117585 4.7475e-06 3.65186 0.0517934 0.0933086 7.15069 0.00250852 0.58866 0.549612 0.146067 1.9623e-28 0.262416 0.348285 
  --------------------------------------------------------------
  Initialization seed trial #3 of 10; initialization seed = 493575248
  --------------------------------------------------------------
  Initialized k-means centers using random sampling: 14 centers
  Number of k-means iterations performed: 9
  BIC score: 112501
  Distortion: 211.15
  Distortions/cluster: 0.000380081 1.4349e-31 1.05062 7.32212 14.1767 14.0266 11.8523 9.29612 0.019379 0.26772 7.16115 4.53778 120.602 20.8368 
  Variance: 0.277464
  Variances/cluster: 4.7475e-06 1.9623e-28 0.262416 0.15243 0.244245 0.66742 0.110688 0.117585 8.88291e-05 0.133713 7.15069 0.0539812 3.65186 0.818636 
  --------------------------------------------------------------
  Initialization seed trial #4 of 10; initialization seed = 493575249
  --------------------------------------------------------------
  Initialized k-means centers using random sampling: 14 centers
  Number of k-means iterations performed: 24
  BIC score: 109274
  Distortion: 229.842
  Distortions/cluster: 8.34218 0.000380081 16.768 2.9543e-33 8.70004 0.019379 133.014 14.4461 1.40696e-32 11.2748 1.05062 0.019137 36.2069 1.4349e-31 
  Variance: 0.302026
  Variances/cluster: 0.0771854 4.7475e-06 0.152324 4.04014e-30 0.158065 8.88291e-05 3.90924 0.49043 1.92408e-29 0.137396 0.262416 0.019109 0.927687 1.9623e-28 
  --------------------------------------------------------------
  Initialization seed trial #5 of 10; initialization seed = 493575250
  --------------------------------------------------------------
  Initialized k-means centers using random sampling: 14 centers
  Number of k-means iterations performed: 8
  BIC score: 114916
  Distortion: 199.186
  Distortions/cluster: 129.112 8.81338 4.06805 3.22097 9.88622 6.20081 4.03483 3.36682 1.40696e-32 11.262 3.2541 10.1155 5.85162 8.73325e-33 
  Variance: 0.261743
  Variances/cluster: 3.90954 4.40186 0.369528 0.0105528 0.581092 0.344224 0.0916322 0.0467267 1.92408e-29 0.106167 0.344665 0.12635 0.0928139 1.19432e-29 
  --------------------------------------------------------------
  Initialization seed trial #6 of 10; initialization seed = 493575251
  --------------------------------------------------------------
  Initialized k-means centers using random sampling: 14 centers
  Number of k-means iterations performed: 21
  BIC score: 120225
  Distortion: 173.421
  Distortions/cluster: 8.81338 6.43176 5.04966 7.93914 3.73189 6.97105 102.204 4.77776 3.90874 6.16294 10.6041 1.40696e-32 3.22097 3.6056 
  Variance: 0.227886
  Variances/cluster: 4.40186 0.146067 0.0885247 0.549612 0.0517934 0.348285 3.19147 0.0837581 0.0542479 0.0933086 0.58866 1.92408e-29 0.0105528 3.60033 
  --------------------------------------------------------------
  Initialization seed trial #7 of 10; initialization seed = 493575252
  --------------------------------------------------------------
  Initialized k-means centers using random sampling: 14 centers
  Number of k-means iterations performed: 18
  BIC score: 108002
  Distortion: 238.134
  Distortions/cluster: 2.9543e-33 4.96989 120.602 0.000380081 0.019379 0.019137 7.16115 1.4349e-31 8.76718 7.93914 9.83565 1.05062 21.4687 56.3004 
  Variance: 0.312922
  Variances/cluster: 4.04014e-30 0.310377 3.65186 4.7475e-06 8.88291e-05 0.019109 7.15069 1.9623e-28 0.105551 0.549612 0.103457 0.262416 0.766159 0.30085 
  --------------------------------------------------------------
  Initialization seed trial #8 of 10; initialization seed = 493575253
  --------------------------------------------------------------
  Initialized k-means centers using random sampling: 14 centers
  Number of k-means iterations performed: 9
  BIC score: 143934
  Distortion: 94.2162
  Distortions/cluster: 4.03483 4.68257 14.1816 8.41508 12.7272 7.93914 10.6041 4.17809 6.20081 3.22097 3.36682 1.40696e-32 5.85162 8.81338 
  Variance: 0.123806
  Variances/cluster: 0.0916322 0.173297 0.168703 4.20293 0.117758 0.549612 0.58866 1.39134 0.344224 0.0105528 0.0467267 1.92408e-29 0.0928139 4.40186 
  --------------------------------------------------------------
  Initialization seed trial #9 of 10; initialization seed = 493575254
  --------------------------------------------------------------
  Initialized k-means centers using random sampling: 14 centers
  Number of k-means iterations performed: 9
  BIC score: 113492
  Distortion: 205.609
  Distortions/cluster: 1.05062 0.55479 12.8454 8.70004 16.0455 8.34218 24.3452 5.60217 3.5587 102.204 0.000380081 6.97105 8.22799 7.16115 
  Variance: 0.270183
  Variances/cluster: 0.262416 0.00250852 0.442612 0.158065 0.784646 0.0771854 24.3097 0.0933002 0.0500854 3.19147 4.7475e-06 0.348285 0.141756 7.15069 
  --------------------------------------------------------------
  Initialization seed trial #10 of 10; initialization seed = 493575255
  --------------------------------------------------------------
  Initialized k-means centers using random sampling: 14 centers
  Number of k-means iterations performed: 7
  BIC score: 114052
  Distortion: 203.282
  Distortions/cluster: 95.8104 6.13042 0.000380081 2.06611 28.7256 1.4349e-31 1.40696e-32 3.87618 9.98526 8.41508 1.05062 1.93328 44.7338 0.55479 
  Variance: 0.267125
  Variances/cluster: 3.08833 0.492659 4.7475e-06 0.0338455 0.797334 1.9623e-28 1.92408e-29 0.0968319 0.203629 4.20293 0.262416 0.0482958 0.24294 0.00250852 
  The best initialization seed trial was #8

--------------------------------------------------------------
Run number 4 of at most 7, k = 7
--------------------------------------------------------------
  --------------------------------------------------------------
  Initialization seed trial #1 of 10; initialization seed = 493575256
  --------------------------------------------------------------
  Initialized k-means centers using random sampling: 7 centers
  Number of k-means iterations performed: 25
  BIC score: 98545.2
  Distortion: 325.134
  Distortions/cluster: 30.7732 8.70004 61.0638 14.4461 8.34218 39.656 162.153 
  Variance: 0.423352
  Variances/cluster: 0.0998396 0.158065 0.319471 0.49043 0.0771854 0.966496 4.62947 
  --------------------------------------------------------------
  Initialization seed trial #2 of 10; initialization seed = 493575257
  --------------------------------------------------------------
  Initialized k-means centers using random sampling: 7 centers
  Number of k-means iterations performed: 10
  BIC score: 101487
  Distortion: 302.645
  Distortions/cluster: 68.0542 59.0751 102.204 3.22097 8.81338 40.3415 20.9359 
  Variance: 0.394069
  Variances/cluster: 0.350537 0.307457 3.19147 0.0105528 4.40186 0.996972 10.4565 
  --------------------------------------------------------------
  Initialization seed trial #3 of 10; initialization seed = 493575258
  --------------------------------------------------------------
  Initialized k-means centers using random sampling: 7 centers
  Number of k-means iterations performed: 12
  BIC score: 110922
  Distortion: 236.524
  Distortions/cluster: 50.1906 41.878 14.4132 4.17809 25.0305 41.1746 59.659 
  Variance: 0.307974
  Variances/cluster: 0.266775 1.39488 0.169441 1.39134 0.219404 1.07051 0.19293 
  --------------------------------------------------------------
  Initialization seed trial #4 of 10; initialization seed = 493575259
  --------------------------------------------------------------
  Initialized k-means centers using random sampling: 7 centers
  Number of k-means iterations performed: 13
  BIC score: 100383
  Distortion: 310.457
  Distortions/cluster: 9.60126 7.16115 40.3415 15.2702 68.0542 20.3128 149.716 
  Variance: 0.404241
  Variances/cluster: 0.0312515 7.15069 0.996972 0.162329 0.350537 0.209255 4.40011 
  --------------------------------------------------------------
  Initialization seed trial #5 of 10; initialization seed = 493575260
  --------------------------------------------------------------
  Initialized k-means centers using random sampling: 7 centers
  Number of k-means iterations performed: 4
  BIC score: 101487
  Distortion: 302.645
  Distortions/cluster: 102.204 59.0751 3.22097 68.0542 40.3415 8.81338 20.9359 
  Variance: 0.394069
  Variances/cluster: 3.19147 0.307457 0.0105528 0.350537 0.996972 4.40186 10.4565 
  --------------------------------------------------------------
  Initialization seed trial #6 of 10; initialization seed = 493575261
  --------------------------------------------------------------
  Initialized k-means centers using random sampling: 7 centers
  Number of k-means iterations performed: 10
  BIC score: 92204.4
  Distortion: 382.588
  Distortions/cluster: 8.24655 4.45412 34.5923 21.5755 17.47 11.3938 284.856 
  Variance: 0.498161
  Variances/cluster: 0.142076 0.0593443 0.923401 0.272905 0.154488 0.186645 0.827462 
  --------------------------------------------------------------
  Initialization seed trial #7 of 10; initialization seed = 493575262
  --------------------------------------------------------------
  Initialized k-means centers using random sampling: 7 centers
  Number of k-means iterations performed: 7
  BIC score: 96204.8
  Distortion: 346.345
  Distortions/cluster: 3.22097 39.1494 166.667 8.81338 7.16115 36.5196 84.8129 
  Variance: 0.45097
  Variances/cluster: 0.0105528 0.312965 3.74812 4.40186 7.15069 0.410029 0.421645 
  --------------------------------------------------------------
  Initialization seed trial #8 of 10; initialization seed = 493575263
  --------------------------------------------------------------
  Initialized k-means centers using random sampling: 7 centers
  Number of k-means iterations performed: 5
  BIC score: 99851.8
  Distortion: 314.197
  Distortions/cluster: 162.153 30.7732 10.0845 38.1145 10.1419 59.0751 3.85442 
  Variance: 0.40911
  Variances/cluster: 4.62947 0.0998396 0.201539 0.990951 0.149036 0.307457 0.0506786 
  --------------------------------------------------------------
  Initialization seed trial #9 of 10; initialization seed = 493575264
  --------------------------------------------------------------
  Initialized k-means centers using random sampling: 7 centers
  Number of k-means iterations performed: 12
  BIC score: 100410
  Distortion: 310.196
  Distortions/cluster: 15.2702 20.3128 68.0542 24.3898 133.014 8.81338 40.3415 
  Variance: 0.403901
  Variances/cluster: 0.162329 0.209255 0.350537 0.0796468 3.90924 4.40186 0.996972 
  --------------------------------------------------------------
  Initialization seed trial #10 of 10; initialization seed = 493575265
  --------------------------------------------------------------
  Initialized k-means centers using random sampling: 7 centers
  Number of k-means iterations performed: 10
  BIC score: 101384
  Distortion: 302.563
  Distortions/cluster: 1.40696e-32 41.1746 14.4132 25.0305 9.60126 50.1906 162.153 
  Variance: 0.393963
  Variances/cluster: 1.92408e-29 1.07051 0.169441 0.219404 0.0312515 0.266775 4.62947 
  The best initialization seed trial was #3

--------------------------------------------------------------
Run number 5 of at most 7, k = 10
--------------------------------------------------------------
  --------------------------------------------------------------
  Initialization seed trial #1 of 10; initialization seed = 493575266
  --------------------------------------------------------------
  Initialized k-means centers using random sampling: 10 centers
  Number of k-means iterations performed: 14
  BIC score: 106514
  Distortion: 256.431
  Distortions/cluster: 6.20348 4.35677 10.6041 7.93914 14.017 4.87033 30.7732 162.153 5.37032 10.1431 
  Variance: 0.335203
  Variances/cluster: 0.326248 0.0588317 0.58866 0.549612 0.162868 0.0839087 0.0998396 4.62947 0.0975696 0.104491 
  --------------------------------------------------------------
  Initialization seed trial #2 of 10; initialization seed = 493575267
  --------------------------------------------------------------
  Initialized k-means centers using random sampling: 10 centers
  Number of k-means iterations performed: 13
  BIC score: 107550
  Distortion: 250.703
  Distortions/cluster: 1.05062 4.45412 120.602 1.4349e-31 0.605483 8.24655 59.0751 38.1145 11.3938 7.16115 
  Variance: 0.327717
  Variances/cluster: 0.262416 0.0593443 3.65186 1.9623e-28 0.00200344 0.142076 0.307457 0.990951 0.186645 7.15069 
  --------------------------------------------------------------
  Initialization seed trial #3 of 10; initialization seed = 493575268
  --------------------------------------------------------------
  Initialized k-means centers using random sampling: 10 centers
  Number of k-means iterations performed: 14
  BIC score: 107741
  Distortion: 249.293
  Distortions/cluster: 40.4638 1.40696e-32 8.71274 29.2696 9.29754 47.6426 4.24492 102.204 3.22097 4.23721 
  Variance: 0.325874
  Variances/cluster: 10.1067 1.92408e-29 0.544123 0.930451 0.157468 0.255955 0.0581065 3.19147 0.0105528 0.073001 
  --------------------------------------------------------------
  Initialization seed trial #4 of 10; initialization seed = 493575269
  --------------------------------------------------------------
  Initialized k-means centers using random sampling: 10 centers
  Number of k-means iterations performed: 13
  BIC score: 109778
  Distortion: 236.375
  Distortions/cluster: 15.2702 20.3128 20.1457 1.05062 120.602 1.4349e-31 37.0455 14.1816 0.605483 7.16115 
  Variance: 0.308987
  Variances/cluster: 0.162329 0.209255 0.17974 0.262416 3.65186 1.9623e-28 0.988886 0.168703 0.00200344 7.15069 
  --------------------------------------------------------------
  Initialization seed trial #5 of 10; initialization seed = 493575270
  --------------------------------------------------------------
  Initialized k-means centers using random sampling: 10 centers
  Number of k-means iterations performed: 12
  BIC score: 108252
  Distortion: 245.917
  Distortions/cluster: 1.40696e-32 20.3178 5.04966 3.90874 40.4638 38.7663 23.546 102.204 3.22097 8.44011 
  Variance: 0.321461
  Variances/cluster: 1.92408e-29 0.830916 0.0885247 0.0542479 10.1067 0.216412 0.758976 3.19147 0.0105528 0.140564 
  --------------------------------------------------------------
  Initialization seed trial #6 of 10; initialization seed = 493575271
  --------------------------------------------------------------
  Initialized k-means centers using random sampling: 10 centers
  Number of k-means iterations performed: 11
  BIC score: 105153
  Distortion: 265.268
  Distortions/cluster: 17.3712 4.34201 3.90874 22.4338 8.44011 162.153 30.7732 6.89068 5.04966 3.90547 
  Variance: 0.346756
  Variances/cluster: 0.80984 0.103304 0.0542479 0.747229 0.140564 4.62947 0.0998396 0.105932 0.0885247 0.0527375 
  --------------------------------------------------------------
  Initialization seed trial #7 of 10; initialization seed = 493575272
  --------------------------------------------------------------
  Initialized k-means centers using random sampling: 10 centers
  Number of k-means iterations performed: 11
  BIC score: 97805.3
  Distortion: 321.482
  Distortions/cluster: 166.667 0.55479 84.8129 1.4349e-31 6.83832 1.05062 0.000380081 7.16115 24.3814 30.0151 
  Variance: 0.420238
  Variances/cluster: 3.74812 0.00250852 0.421645 1.9623e-28 0.0759252 0.262416 4.7475e-06 7.15069 0.427425 0.454436 
  --------------------------------------------------------------
  Initialization seed trial #8 of 10; initialization seed = 493575273
  --------------------------------------------------------------
  Initialized k-means centers using random sampling: 10 centers
  Number of k-means iterations performed: 8
  BIC score: 107277
  Distortion: 252.086
  Distortions/cluster: 20.3178 38.7663 9.98237 51.3512 3.75432 9.60126 3.14776 5.63748 7.32392 102.204 
  Variance: 0.329525
  Variances/cluster: 0.830916 0.216412 0.474987 17.1004 0.0646816 0.0312515 0.0629082 0.0741224 0.522728 3.19147 
  --------------------------------------------------------------
  Initialization seed trial #9 of 10; initialization seed = 493575274
  --------------------------------------------------------------
  Initialized k-means centers using random sampling: 10 centers
  Number of k-means iterations performed: 15
  BIC score: 109777
  Distortion: 236.379
  Distortions/cluster: 15.2702 37.0455 7.16115 0.605483 19.9179 1.05062 1.4349e-31 120.602 20.3128 14.4132 
  Variance: 0.308992
  Variances/cluster: 0.162329 0.988886 7.15069 0.00200344 0.179309 0.262416 1.9623e-28 3.65186 0.209255 0.169441 
  --------------------------------------------------------------
  Initialization seed trial #10 of 10; initialization seed = 493575275
  --------------------------------------------------------------
  Initialized k-means centers using random sampling: 10 centers
  Number of k-means iterations performed: 8
  BIC score: 107302
  Distortion: 251.37
  Distortions/cluster: 7.235 1.40696e-32 3.85442 18.0864 23.546 10.932 6.37502 9.60126 162.153 9.58678 
  Variance: 0.328588
  Variances/cluster: 0.147543 1.92408e-29 0.0506786 0.8056 0.758976 0.113791 0.0995358 0.0312515 4.62947 0.114044 
  The best initialization seed trial was #4

--------------------------------------------------------------
Run number 6 of at most 7, k = 12
--------------------------------------------------------------
  --------------------------------------------------------------
  Initialization seed trial #1 of 10; initialization seed = 493575276
  --------------------------------------------------------------
  Initialized k-means centers using random sampling: 12 centers
  Number of k-means iterations performed: 32
  BIC score: 108054
  Distortion: 241.593
  Distortions/cluster: 3.24635 4.03483 3.70736 1.33768 4.77776 162.153 30.7732 5.85162 3.8015 3.36682 10.6041 7.93914 
  Variance: 0.316636
  Variances/cluster: 0.2317 0.0916322 0.0521777 0.121511 0.0837581 4.62947 0.0998396 0.0928139 0.0690667 0.0467267 0.58866 0.549612 
  --------------------------------------------------------------
  Initialization seed trial #2 of 10; initialization seed = 493575277
  --------------------------------------------------------------
  Initialized k-means centers using random sampling: 12 centers
  Number of k-means iterations performed: 11
  BIC score: 109416
  Distortion: 233.553
  Distortions/cluster: 120.602 0.55479 59.0751 1.4349e-31 3.90874 1.05062 0.000380081 7.16115 11.3938 5.04966 6.97105 17.7853 
  Variance: 0.306098
  Variances/cluster: 3.65186 0.00250852 0.307457 1.9623e-28 0.0542479 0.262416 4.7475e-06 7.15069 0.186645 0.0885247 0.348285 0.829148 
  --------------------------------------------------------------
  Initialization seed trial #3 of 10; initialization seed = 493575278
  --------------------------------------------------------------
  Initialized k-means centers using random sampling: 12 centers
  Number of k-means iterations performed: 13
  BIC score: 128179
  Distortion: 144.395
  Distortions/cluster: 20.3178 38.7663 2.88061 8.81338 4.77776 1.40696e-32 5.04966 3.90874 10.6041 41.878 3.22097 4.17809 
  Variance: 0.189247
  Variances/cluster: 0.830916 0.216412 0.191891 4.40186 0.0837581 1.92408e-29 0.0885247 0.0542479 0.58866 1.39488 0.0105528 1.39134 
  --------------------------------------------------------------
  Initialization seed trial #4 of 10; initialization seed = 493575279
  --------------------------------------------------------------
  Initialized k-means centers using random sampling: 12 centers
  Number of k-means iterations performed: 20
  BIC score: 111951
  Distortion: 218.429
  Distortions/cluster: 14.017 6.13042 7.16115 0.55479 31.6625 1.05062 1.4349e-31 120.602 10.1431 10.1155 16.9918 0.000380081 
  Variance: 0.286277
  Variances/cluster: 0.162868 0.492659 7.15069 0.00250852 0.855101 0.262416 1.9623e-28 3.65186 0.104491 0.12635 0.152966 4.7475e-06 
  --------------------------------------------------------------
  Initialization seed trial #5 of 10; initialization seed = 493575280
  --------------------------------------------------------------
  Initialized k-means centers using random sampling: 12 centers
  Number of k-means iterations performed: 11
  BIC score: 113047
  Distortion: 212.802
  Distortions/cluster: 7.32392 1.40696e-32 3.4417 18.0864 9.98237 10.932 3.90874 9.60126 131.284 9.58678 3.6056 5.04966 
  Variance: 0.278902
  Variances/cluster: 0.522728 1.92408e-29 0.0625297 0.8056 0.474987 0.113791 0.0542479 0.0312515 3.9753 0.114044 3.60033 0.0885247 
  --------------------------------------------------------------
  Initialization seed trial #6 of 10; initialization seed = 493575281
  --------------------------------------------------------------
  Initialized k-means centers using random sampling: 12 centers
  Number of k-means iterations performed: 11
  BIC score: 108140
  Distortion: 241.066
  Distortions/cluster: 1.57819 2.30824 162.153 3.40117 4.77776 7.93914 5.68517 2.88978 30.7732 3.70736 10.6041 5.24862 
  Variance: 0.315945
  Variances/cluster: 0.157693 0.164745 4.62947 0.0755251 0.0837581 0.549612 0.0931302 0.040671 0.0998396 0.0521777 0.58866 0.0904262 
  --------------------------------------------------------------
  Initialization seed trial #7 of 10; initialization seed = 493575282
  --------------------------------------------------------------
  Initialized k-means centers using random sampling: 12 centers
  Number of k-means iterations performed: 19
  BIC score: 114750
  Distortion: 203.662
  Distortions/cluster: 10.6041 8.81338 3.22097 6.16294 3.73189 6.97105 7.16115 6.43176 120.602 9.29612 12.7272 7.93914 
  Variance: 0.266922
  Variances/cluster: 0.58866 4.40186 0.0105528 0.0933086 0.0517934 0.348285 7.15069 0.146067 3.65186 0.117585 0.117758 0.549612 
  --------------------------------------------------------------
  Initialization seed trial #8 of 10; initialization seed = 493575283
  --------------------------------------------------------------
  Initialized k-means centers using random sampling: 12 centers
  Number of k-means iterations performed: 15
  BIC score: 107849
  Distortion: 244.006
  Distortions/cluster: 5.37635 1.05062 0.605483 2.8117 1.4349e-31 60.0682 34.9343 3.36134 1.84271 7.16115 6.19183 120.602 
  Variance: 0.319798
  Variances/cluster: 0.469846 0.262416 0.00200344 0.112382 1.9623e-28 0.315916 0.895081 0.0466507 0.0438412 7.15069 0.143888 3.65186 
  --------------------------------------------------------------
  Initialization seed trial #9 of 10; initialization seed = 493575284
  --------------------------------------------------------------
  Initialized k-means centers using random sampling: 12 centers
  Number of k-means iterations performed: 21
  BIC score: 104198
  Distortion: 267.851
  Distortions/cluster: 6.97105 22.2441 7.00379 120.602 1.40696e-32 1.54788 2.6501 40.9436 57.469 1.78332 5.99644 0.639104 
  Variance: 0.351049
  Variances/cluster: 0.348285 0.0721682 0.52095 3.65186 1.92408e-29 0.0281223 0.115134 2.15327 0.305462 0.0404996 0.146145 0.0354784 
  --------------------------------------------------------------
  Initialization seed trial #10 of 10; initialization seed = 493575285
  --------------------------------------------------------------
  Initialized k-means centers using random sampling: 12 centers
  Number of k-means iterations performed: 12
  BIC score: 109880
  Distortion: 230.35
  Distortions/cluster: 20.1457 0.55479 9.43545 1.40696e-32 1.4349e-31 33.1169 0.000380081 13.9465 11.0513 133.014 8.03438 1.05062 
  Variance: 0.301901
  Variances/cluster: 0.17974 0.00250852 0.162559 1.92408e-29 1.9623e-28 0.870845 4.7475e-06 0.507985 0.136335 3.90924 0.0750323 0.262416 
  The best initialization seed trial was #3

--------------------------------------------------------------
Run number 7 of at most 7, k = 13
--------------------------------------------------------------
  --------------------------------------------------------------
  Initialization seed trial #1 of 10; initialization seed = 493575286
  --------------------------------------------------------------
  Initialized k-means centers using random sampling: 13 centers
  Number of k-means iterations performed: 11
  BIC score: 112341
  Distortion: 214.385
  Distortions/cluster: 1.57819 2.30824 38.4824 3.40117 4.77776 7.93914 5.68517 2.88978 7.16115 3.70736 10.6041 5.24862 120.602 
  Variance: 0.281345
  Variances/cluster: 0.157693 0.164745 0.124851 0.0755251 0.0837581 0.549612 0.0931302 0.040671 7.15069 0.0521777 0.58866 0.0904262 3.65186 
  --------------------------------------------------------------
  Initialization seed trial #2 of 10; initialization seed = 493575287
  --------------------------------------------------------------
  Initialized k-means centers using random sampling: 13 centers
  Number of k-means iterations performed: 19
  BIC score: 114956
  Distortion: 200.604
  Distortions/cluster: 10.6041 8.81338 3.22097 3.30694 1.77375 6.97105 7.16115 6.31221 120.602 9.29612 12.7272 7.00379 2.8117 
  Variance: 0.26326
  Variances/cluster: 0.58866 4.40186 0.0105528 0.0465421 0.0422004 0.348285 7.15069 0.143352 3.65186 0.117585 0.117758 0.52095 0.112382 
  --------------------------------------------------------------
  Initialization seed trial #3 of 10; initialization seed = 493575288
  --------------------------------------------------------------
  Initialized k-means centers using random sampling: 13 centers
  Number of k-means iterations performed: 15
  BIC score: 107345
  Distortion: 243.956
  Distortions/cluster: 5.37635 0.55479 0.000380081 2.8117 1.05062 60.0682 34.9343 3.36134 1.84271 7.16115 6.19183 1.4349e-31 120.602 
  Variance: 0.320152
  Variances/cluster: 0.469846 0.00250852 4.7475e-06 0.112382 0.262416 0.315916 0.895081 0.0466507 0.0438412 7.15069 0.143888 1.9623e-28 3.65186 
  --------------------------------------------------------------
  Initialization seed trial #4 of 10; initialization seed = 493575289
  --------------------------------------------------------------
  Initialized k-means centers using random sampling: 13 centers
  Number of k-means iterations performed: 21
  BIC score: 104940
  Distortion: 260.365
  Distortions/cluster: 2.94756 22.2441 7.00379 120.602 1.40696e-32 1.54788 2.6501 40.9436 56.5266 1.78332 1.57819 0.420426 2.11685 
  Variance: 0.341686
  Variances/cluster: 0.196351 0.0721682 0.52095 3.65186 1.92408e-29 0.0281223 0.115134 2.15327 0.302059 0.0404996 0.157693 0.0280065 0.0542375 
  --------------------------------------------------------------
  Initialization seed trial #5 of 10; initialization seed = 493575290
  --------------------------------------------------------------
  Initialized k-means centers using random sampling: 13 centers
  Number of k-means iterations performed: 12
  BIC score: 111267
  Distortion: 220.208
  Distortions/cluster: 20.1457 0.26772 9.43545 0.000380081 1.4349e-31 33.1169 0.019379 13.9465 11.0513 102.204 8.03438 1.05062 20.9359 
  Variance: 0.288987
  Variances/cluster: 0.17974 0.133713 0.162559 4.7475e-06 1.9623e-28 0.870845 8.88291e-05 0.507985 0.136335 3.19147 0.0750323 0.262416 10.4565 
  --------------------------------------------------------------
  Initialization seed trial #6 of 10; initialization seed = 493575291
  --------------------------------------------------------------
  Initialized k-means centers using random sampling: 13 centers
  Number of k-means iterations performed: 9
  BIC score: 131745
  Distortion: 130.13
  Distortions/cluster: 19.3453 3.75432 7.75769 12.1238 4.13929 8.59932 40.404 3.6056 7.32392 9.60126 9.29754 4.17809 1.40696e-32 
  Variance: 0.170774
  Variances/cluster: 0.704632 0.0646816 0.0731318 0.390794 0.0574475 0.159128 1.39219 3.60033 0.522728 0.0312515 0.157468 1.39134 1.92408e-29 
  --------------------------------------------------------------
  Initialization seed trial #7 of 10; initialization seed = 493575292
  --------------------------------------------------------------
  Initialized k-means centers using random sampling: 13 centers
  Number of k-means iterations performed: 13
  BIC score: 110575
  Distortion: 225.142
  Distortions/cluster: 29.3177 2.27518 1.4349e-31 1.05062 44.7338 0.605483 7.16115 1.94648 1.15092 7.93914 1.74527 120.602 6.61447 
  Variance: 0.295463
  Variances/cluster: 0.861638 0.0516699 1.9623e-28 0.262416 0.24294 0.00200344 7.15069 0.108054 0.0359391 0.549612 0.0329051 3.65186 0.15737 
  --------------------------------------------------------------
  Initialization seed trial #8 of 10; initialization seed = 493575293
  --------------------------------------------------------------
  Initialized k-means centers using random sampling: 13 centers
  Number of k-means iterations performed: 17
  BIC score: 95568.7
  Distortion: 330.805
  Distortions/cluster: 8.71274 4.25609 0.949784 9.05154 8.01577 1.58399 1.33768 284.856 3.02982 0.744599 1.32797 3.69318 3.24635 
  Variance: 0.434127
  Variances/cluster: 0.544123 0.0924545 0.0306151 0.626622 0.133497 0.0427784 0.121511 0.827462 0.068808 0.03543 0.0282336 0.0485586 0.2317 
  --------------------------------------------------------------
  Initialization seed trial #9 of 10; initialization seed = 493575294
  --------------------------------------------------------------
  Initialized k-means centers using random sampling: 13 centers
  Number of k-means iterations performed: 20
  BIC score: 107805
  Distortion: 241.133
  Distortions/cluster: 16.768 16.1031 1.4349e-31 133.014 2.9543e-33 1.40696e-32 0.019379 1.05062 0.000380081 11.2748 39.8321 0.019137 23.051 
  Variance: 0.316447
  Variances/cluster: 0.152324 0.162537 1.9623e-28 3.90924 4.04014e-30 1.92408e-29 8.88291e-05 0.262416 4.7475e-06 0.137396 0.984385 0.019109 0.247677 
  --------------------------------------------------------------
  Initialization seed trial #10 of 10; initialization seed = 493575295
  --------------------------------------------------------------
  Initialized k-means centers using random sampling: 13 centers
  Number of k-means iterations performed: 17
  BIC score: 115632
  Distortion: 197.286
  Distortions/cluster: 4.46966 102.204 10.3373 31.6625 16.768 1.40696e-32 3.22097 8.81338 2.15715 3.6056 6.13042 3.3874 4.52964 
  Variance: 0.258906
  Variances/cluster: 0.0893265 3.19147 0.127527 0.855101 0.152324 1.92408e-29 0.0105528 4.40186 0.102643 3.60033 0.492659 0.0490564 0.110396 
  The best initialization seed trial was #6

------------------------------------------------------------------
------------------------------------------------------------------
Post-processing runs
------------------------------------------------------------------
------------------------------------------------------------------
  For the BIC threshold, the best clustering was run 3 (k = 14)
  Post-processing run 3 (k = 14)
    Saving labels and distance from center of each input vector to file '/home/nvilva/simpoint_flow/gapbc_webstanford_v2/bc_webstanford/simpoints/opt.l'
    Saving simpoints of all non-empty clusters to file '/home/nvilva/simpoint_flow/gapbc_webstanford_v2/bc_webstanford/simpoints/opt.p'
    Saving simpoints of largest clusters making up proportion 0.99 of all weights to file '/home/nvilva/simpoint_flow/gapbc_webstanford_v2/bc_webstanford/simpoints/opt.p.lpt0.99'
    Saving weights of all non-empty clusters to file '/home/nvilva/simpoint_flow/gapbc_webstanford_v2/bc_webstanford/simpoints/opt.w'
    Saving weights of largest clusters making up proportion 0.99 of all weights to file '/home/nvilva/simpoint_flow/gapbc_webstanford_v2/bc_webstanford/simpoints/opt.w.lpt0.99'
0.058107 0.058107 1
0.0361555 0.0361555 1
0.109758 0.109758 1
0.0038738 0.0038738 1
0.140748 0.140748 1
0.019929 0.019929 1
0.0245341 0.0245341 1
0.00516506 0.00516506 1
0.0245341 0.0245341 1
0.395127 0.395127 1
0.0942624 0.0942624 1
0.00129127 0.00129127 1
0.082641 0.082641 1
0.0038738 0.0038738 1
0.058107 0.058107 1
0.0361555 0.0361555 1
0.109758 0.109758 1
0.0038738 0.0038738 1
0.140748 0.140748 1
0.019929 0.019929 1
0.0245341 0.0245341 1
0.00516506 0.00516506 1
0.0245341 0.0245341 1
0.395127 0.395127 1
0.0942624 0.0942624 1
0.00129127 0.00129127 1
0.082641 0.082641 1
0.0038738 0.0038738 1
